// Jest Snapshot v1, https://goo.gl/fbAQLP

exports[`PokemonPage component do match snapshot load pokemons 1`] = `
<div class="">
  <h1>what is this pokemon?</h1>
  <pokemon-picture-stub pokemonid="1" showpokemon="false"></pokemon-picture-stub>
  <pokemon-options-stub pokemons="[object Object],[object Object],[object Object],[object Object]"></pokemon-options-stub>
  <!--v-if-->
</div>
`;

exports[`PokemonPage component do match with snapshot 1`] = `<h1>await please ...... </h1>`;
